// Jest Snapshot v1, https://goo.gl/fbAQLP

exports[`renders without crashing 1`] = `
Object {
  "asFragment": [Function],
  "baseElement": <body>
    <div>
      <div>
        <nav
          class="mb-5 navbar navbar-expand-sm navbar-dark bg-dark"
        >
          <div
            class="container"
          >
            <a
              class="navbar-brand"
              href="/"
            >
              Posts
            </a>
            <button
              class="navbar-toggler"
              type="button"
            >
              <span
                class="navbar-toggler-icon"
              />
            </button>
            <div
              class="collapse navbar-collapse"
            >
              <ul
                class="ml-auto navbar-nav"
              >
                <li
                  class="nav-item"
                >
                  <a
                    class="nav-link"
                    href="#"
                  >
                    Stuff
                  </a>
                </li>
              </ul>
            </div>
          </div>
        </nav>
      </div>
    </div>
  </body>,
  "container": <div>
    <div>
      <nav
        class="mb-5 navbar navbar-expand-sm navbar-dark bg-dark"
      >
        <div
          class="container"
        >
          <a
            class="navbar-brand"
            href="/"
          >
            Posts
          </a>
          <button
            class="navbar-toggler"
            type="button"
          >
            <span
              class="navbar-toggler-icon"
            />
          </button>
          <div
            class="collapse navbar-collapse"
          >
            <ul
              class="ml-auto navbar-nav"
            >
              <li
                class="nav-item"
              >
                <a
                  class="nav-link"
                  href="#"
                >
                  Stuff
                </a>
              </li>
            </ul>
          </div>
        </div>
      </nav>
    </div>
  </div>,
  "debug": [Function],
  "findAllByAltText": [Function],
  "findAllByDisplayValue": [Function],
  "findAllByLabelText": [Function],
  "findAllByPlaceholderText": [Function],
  "findAllByRole": [Function],
  "findAllByTestId": [Function],
  "findAllByText": [Function],
  "findAllByTitle": [Function],
  "findByAltText": [Function],
  "findByDisplayValue": [Function],
  "findByLabelText": [Function],
  "findByPlaceholderText": [Function],
  "findByRole": [Function],
  "findByTestId": [Function],
  "findByText": [Function],
  "findByTitle": [Function],
  "getAllByAltText": [Function],
  "getAllByDisplayValue": [Function],
  "getAllByLabelText": [Function],
  "getAllByPlaceholderText": [Function],
  "getAllByRole": [Function],
  "getAllByTestId": [Function],
  "getAllByText": [Function],
  "getAllByTitle": [Function],
  "getByAltText": [Function],
  "getByDisplayValue": [Function],
  "getByLabelText": [Function],
  "getByPlaceholderText": [Function],
  "getByRole": [Function],
  "getByTestId": [Function],
  "getByText": [Function],
  "getByTitle": [Function],
  "queryAllByAltText": [Function],
  "queryAllByDisplayValue": [Function],
  "queryAllByLabelText": [Function],
  "queryAllByPlaceholderText": [Function],
  "queryAllByRole": [Function],
  "queryAllByTestId": [Function],
  "queryAllByText": [Function],
  "queryAllByTitle": [Function],
  "queryByAltText": [Function],
  "queryByDisplayValue": [Function],
  "queryByLabelText": [Function],
  "queryByPlaceholderText": [Function],
  "queryByRole": [Function],
  "queryByTestId": [Function],
  "queryByText": [Function],
  "queryByTitle": [Function],
  "rerender": [Function],
  "unmount": [Function],
}
`;
